{
    "SAMPLE": {
        "CUSTOM": {
            "STRING_KEY": "Value",
            "NUMERIC_KEY": 42
        }
    }
}